// Jest Snapshot v1, https://goo.gl/fbAQLP

exports[`changeText changes inner HTML 1`] = `
<div
  class="text"
>
  text
</div>
`;
